--- Testing search with: pp ---
URL: https://imhentai.xxx/search/?key=dagasi&m=1&d=1&w=1&i=1&a=1&g=1&pp=1
Found thumbs: 20
1. [Artist] - Chelodoy - Art and Animations
2. [Pixiv/fanbox/e621] Dagasi (1549213) (March 2024 - July 2025)
3. [Pixiv/fanbox/e621] Dagasi (1549213) (July 2022 - March 2024))
4. [Pixiv/fanbox/e621] Dagasi (1549213) (July 2025 - Present)
5. [Twitter/e621] Dagasi (Uncensored)
--- Testing search with: lt ---
URL: https://imhentai.xxx/search/?key=dagasi&m=1&d=1&w=1&i=1&a=1&g=1&lt=1
Found thumbs: 20
1. [DAGASI] Futarikkiri de Orusuban (Sonic the Hedgehog) [Decensored]
2. [Pixiv/fanbox/e621] Dagasi (1549213) (July 2025 - Present)
3. [DAGASI] Futarikkiri de Orusuban (Sonic the Hedgehog)
4. [DAGASI] Shittobukai Zoroa no Yakimochi Illusion (Pok├⌐mon Violet) [Decensored]
5. [DAGASI] Shittobukai Zoroa no Yakimochi Illusion (Pok├⌐mon Violet)
